npm warn deprecated node-domexception@1.0.0: Use your platform's native DOMException instead
npm notice This endpoint is being retired. Use the bulk advisory endpoint instead. See the following docs for more info: https://api-docs.npmjs.com/#tag/Audit
npm warn deprecated json-ptr@3.1.1: Package no longer supported. Contact Support at https://www.npmjs.com/support for more info.
npm warn deprecated uuid@9.0.1: uuid@10 and below is no longer supported.  For ESM codebases, update to uuid@latest.  For CommonJS codebases, use uuid@11 (but be aware this version will likely be deprecated in 2028).
npm warn deprecated glob@10.5.0: Old versions of glob are not supported, and contain widely publicized security vulnerabilities, which have been fixed in the current version. Please update. Support for old versions may be purchased (at exorbitant rates) by contacting i@izs.me
[36m[1mi  emulators:[22m[39m Starting emulators: auth, firestore
[36m[1mi  emulators:[22m[39m Detected demo project ID "demo-yut-30191093826-1-desk-fix", emulated services will use a demo configuration and attempts to access non-emulated services for this project will fail.
[36m[1mi  firestore:[22m[39m Firestore Emulator logging to [1mfirestore-debug.log[22m
[32m[1m✔  firestore:[22m[39m Firestore Emulator was started in standard edition.
[32m[1m✔  firestore:[22m[39m Firestore Emulator UI websocket is running on 9150.
[36m[1mi [22m[39m Running script: [1mnpm run qa:emulator-suite -- --group desktop-regression[22m

> qa:emulator-suite
> node tests/helpers/run-qa-emulator-suite.mjs --group desktop-regression

QA emulator suite group=desktop-regression, project=demo-yut-30191093826-1-desk-fix, run=gh-30191093826-1-desk-fix, workers=2, projects=desktop-chromium

===== Verify emulator runtime =====
[QA Firebase] Node helper requests are isolated to Auth http://127.0.0.1:9099 and Firestore http://127.0.0.1:8080.
FIREBASE_CONFIG contains emulator-generated demo config for demo-yut-30191093826-1-desk-fix.
QA Firebase config guard passed: project=demo-yut-30191093826-1-desk-fix, run=gh-30191093826-1-desk-fix
Expected Firestore emulator endpoint: 127.0.0.1:8080
Expected Auth emulator endpoint: http://127.0.0.1:9099
QA Firebase emulator runtime endpoints are reachable.
===== Verify emulator runtime completed in 0.0s =====

===== Cleanup current QA namespace before tests =====
[QA Firebase] Node helper requests are isolated to Auth http://127.0.0.1:9099 and Firestore http://127.0.0.1:8080.
(node:4346) [MODULE_TYPELESS_PACKAGE_JSON] Warning: Module type of file:///home/runner/work/Yut/Yut/tests/helpers/cleanup-qa-rooms.js is not specified and it doesn't parse as CommonJS.
Reparsing as ES module because module syntax was detected. This incurs a performance overhead.
To eliminate this warning, add "type": "module" to /home/runner/work/Yut/Yut/package.json.
(Use `node --trace-warnings ...` to show where the warning was created)
QA cleanup mode=current-run, namespace=gh-30191093826-1-desk-fix, workflowPrefix=없음, rooms=0, limit=8, concurrency=4
cleanup-after mode=current-run, remaining=0, qaRoomCount=0
===== Cleanup current QA namespace before tests completed in 1.6s =====

===== QA Desktop regression =====
[QA Firebase] Node helper requests are isolated to Auth http://127.0.0.1:9099 and Firestore http://127.0.0.1:8080.
[QA Firebase] Node helper requests are isolated to Auth http://127.0.0.1:9099 and Firestore http://127.0.0.1:8080.

Running 21 tests using 2 workers

[QA Firebase] Node helper requests are isolated to Auth http://127.0.0.1:9099 and Firestore http://127.0.0.1:8080.
[QA Firebase] Node helper requests are isolated to Auth http://127.0.0.1:9099 and Firestore http://127.0.0.1:8080.
  ✓   1 [desktop-chromium] › tests/lobby/lobby-dialog-behavior.spec.js:22:7 › lobby guide and settings dialog behavior QA › 게임 방법과 설정은 중앙에 열리고 설정 저장 후 닫힌다 (2.3s)
  ✓   3 [desktop-chromium] › tests/lobby/lobby-options.spec.js:6:7 › lobby QA › 로비 저장 옵션과 중앙 방 만들기 팝업이 현재 화면에 반영된다 (1.9s)
  ✓   4 [desktop-chromium] › tests/lobby/lobby-popup-polish.spec.js:5:7 › lobby popup visual polish QA › 새로고침은 완성된 원형 화살표로 보이고 게임 방법은 한눈에 읽히는 계층을 유지한다 (2.3s)
  ✓   5 [desktop-chromium] › tests/lobby/lobby-refresh-feedback.spec.js:5:7 › lobby room refresh feedback QA › 게임 참가 최초 조회 후 수동 새로고침은 조회 중 상태를 표시하고 중복 요청을 막는다 (3.4s)
  ✓   6 [desktop-chromium] › tests/lobby/lobby-start-screen.spec.js:5:7 › lobby start screen QA › 최초 사용자는 유효한 닉네임을 저장해야 로비 기능을 사용할 수 있다 (2.1s)
  ✓   7 [desktop-chromium] › tests/lobby/lobby-start-screen.spec.js:36:7 › lobby start screen QA › 로비는 브랜드, 윷판 장면, 네 개의 윷가락과 계층화된 시작 액션을 제공한다 (1.9s)
  ✓   2 [desktop-chromium] › tests/lobby/cleanup-layout-regression.spec.js:17:7 › cleanup/layout regression QA › 대기실과 로비 주요 버튼은 force click 없이 클릭 가능하고 로비 컴팩트 카드 정렬을 유지한다 (14.3s)
  ✓   8 [desktop-chromium] › tests/lobby/lobby-start-screen.spec.js:85:7 › lobby start screen QA › 세로 모바일 로비는 스크롤 없이 전체 시작 UI와 비활성 상태 바를 보여준다 (1.3s)
  ✓   9 [desktop-chromium] › tests/lobby/nickname-setup.spec.js:7:7 › 닉네임 설정 팝업 › 최초 접속 시 닉네임 설정 팝업을 즉시 한 개 제목으로 표시한다 (1.4s)
  ✓  11 [desktop-chromium] › tests/lobby/nickname-setup.spec.js:18:7 › 닉네임 설정 팝업 › 저장된 닉네임이 있는 기존 접속자는 설정 팝업을 자동 표시하지 않는다 (1.3s)
  ✓  10 [desktop-chromium] › tests/lobby/lobby-start-screen.spec.js:167:7 › lobby start screen QA › 유효하지 않은 닉네임이면 저장된 방 ID가 있어도 자동 복구하지 않는다 (1.8s)
  ✓  12 [desktop-chromium] › tests/regression/bonus-roll-result-glow.spec.js:90:7 › bonus roll result glow regression › 내 던지기와 상대 던지기 모두 윷·모 텍스트 공개 순간부터 같은 황금 애니메이션을 실행한다 (1.8s)
  ✓  13 [desktop-chromium] › tests/lobby/lobby-start-screen.spec.js:181:7 › lobby start screen QA › 방 참가 팝업은 최초 조회와 수동 새로고침 목록 및 중앙 정렬 헤더를 제공한다 (3.5s)
  ✓  15 [desktop-chromium] › tests/regression/finish-step-animation.spec.js:5:7 › 완주 한 칸 이동 애니메이션 회귀 › 공통 완주 경로가 authoritative payload와 원격 재생 경로에 연결된다 (8ms)
  ✓  16 [desktop-chromium] › tests/regression/finish-step-animation.spec.js:18:7 › 완주 한 칸 이동 애니메이션 회귀 › 완주 효과가 준비되기 전 첫 프레임에는 최종 보관 위치를 숨긴다 (2ms)
  ✓  14 [desktop-chromium] › tests/regression/bonus-roll-result-glow.spec.js:160:7 › bonus roll result glow regression › 일반·순서 정하기 결과 카드는 숨겨진 동안 재생하지 않고 실제 공개 시 결과별 음성을 한 번 재생한다 (3.3s)
  ✓  18 [desktop-chromium] › tests/regression/bonus-roll-result-glow.spec.js:251:7 › bonus roll result glow regression › 결과 표시가 사라져도 음성을 중단하지 않고 윷 보너스 음성을 이어 재생한다 (2.0s)
  ✓  17 [desktop-chromium] › tests/regression/local-roll-stage-position.spec.js:99:7 › local roll stage position regression › 내가 던질 때 매트와 결과를 윷판 중앙에 유지하고 결과 묶음을 매트 가까이 표시한다 (32.0s)
  ✓  19 [desktop-chromium] › tests/regression/remote-fall-presentation.spec.js:118:7 › remote fall presentation QA › 상대 플레이어 낙의 실제 윷판은 렌더러 완료 전 사라지지 않고 상단 전체 턴 정보를 유지한다 (44.1s)
  ✓  21 [desktop-chromium] › tests/smoke/firebase-emulator-isolation.spec.js:3:5 › QA browser app uses only the isolated Firebase emulators (1.1s)
  ✓  20 [desktop-chromium] › tests/regression/roll-mat-surface.spec.js:48:7 › roll mat surface regression › 원목 게임 UI와 pending부터 결과 유지까지 축소된 매트를 계속 표시한다 (39.0s)

  21 passed (1.6m)
===== QA Desktop regression completed in 95.5s =====

===== Cleanup current QA namespace after tests =====
[QA Firebase] Node helper requests are isolated to Auth http://127.0.0.1:9099 and Firestore http://127.0.0.1:8080.
(node:6377) [MODULE_TYPELESS_PACKAGE_JSON] Warning: Module type of file:///home/runner/work/Yut/Yut/tests/helpers/cleanup-qa-rooms.js is not specified and it doesn't parse as CommonJS.
Reparsing as ES module because module syntax was detected. This incurs a performance overhead.
To eliminate this warning, add "type": "module" to /home/runner/work/Yut/Yut/package.json.
(Use `node --trace-warnings ...` to show where the warning was created)
QA cleanup mode=current-run, namespace=gh-30191093826-1-desk-fix, workflowPrefix=없음, rooms=0, limit=8, concurrency=4
cleanup-after mode=current-run, remaining=0, qaRoomCount=0
===== Cleanup current QA namespace after tests completed in 0.4s =====
QA emulator suite group=desktop-regression passed for project=demo-yut-30191093826-1-desk-fix, run=gh-30191093826-1-desk-fix
[32m[1m✔ [22m[39m Script exited successfully (code 0)
[36m[1mi  emulators:[22m[39m Shutting down emulators.
[36m[1mi  firestore:[22m[39m Stopping Firestore Emulator
[36m[1mi  auth:[22m[39m Stopping Authentication Emulator
[36m[1mi  hub:[22m[39m Stopping emulator hub
[36m[1mi  logging:[22m[39m Stopping Logging Emulator
